
> portfolio-app@0.1.0 build
> next build

Γû▓ Next.js 16.1.3 (Turbopack)

  Creating an optimized production build ...
node.exe : Error: 
Cannot apply unknown 
utility class 
`border-border`. Are 
you using CSS 
modules or similar 
and missing 
`@reference`? https:/
/tailwindcss.com/docs
/functions-and-direct
ives#reference-direct
ive
At line:1 char:1
+ & "C:\Program Files
\nodejs/node.exe" 
"C:\Program 
Files\nodejs/node_mo 
...
+ ~~~~~~~~~~~~~~~~~~~
~~~~~~~~~~~~~~~~~~~~~
~~~~~~~~~~~~~~~~~~~~~
~~~~~~~~
    + CategoryInfo   
           : NotSpe  
  cified: (Error:    
 Cannot a...rence    
-directive:Strin    
g) [], RemoteExc    
eption
    + FullyQualified 
   ErrorId : Native  
  CommandError
 
    [2m[at 
onInvalidCandidate (C
:\portfolio\portfolio
-app\node_modules\tai
lwindcss\dist\lib.js:
21:1314)][0m
    [2m[at Te (C:\po
rtfolio\portfolio-app
\node_modules\tailwin
dcss\dist\lib.js:16:3
6652)][0m
    [2m[at C:\portfo
lio\portfolio-app\nod
e_modules\tailwindcss
\dist\lib.js:21:355]
[0m
    [2m[at Rr (C:\po
rtfolio\portfolio-app
\node_modules\tailwin
dcss\dist\lib.js:3:17
18)][0m
    [2m[at _ (C:\por
tfolio\portfolio-app\
node_modules\tailwind
css\dist\lib.js:3:137
7)][0m
    [2m[at $e (C:\po
rtfolio\portfolio-app
\node_modules\tailwin
dcss\dist\lib.js:21:1
72)][0m
    [2m[at un (C:\po
rtfolio\portfolio-app
\node_modules\tailwin
dcss\dist\lib.js:38:2
94)][0m
    [2m[at process.p
rocessTicksAndRejecti
ons (node:internal/pr
ocess/task_queues:105
:5)][0m
    [2m[at async cn 
(C:\portfolio\portfol
io-app\node_modules\t
ailwindcss\dist\lib.j
s:38:631)][0m
    [2m[at async Xr 
(C:\portfolio\portfol
io-app\node_modules\@
tailwindcss\node\dist
\index.js:10:3417)][
0m

> Build error 
occurred
Error: Turbopack 
build failed with 1 
errors:
./app/globals.css
Error evaluating 
Node.js code
CssSyntaxError: 
tailwindcss: C:\portf
olio\portfolio-app\ap
p\globals.css:1:1: 
Cannot apply unknown 
utility class 
`border-border`. Are 
you using CSS 
modules or similar 
and missing 
`@reference`? https:/
/tailwindcss.com/docs
/functions-and-direct
ives#reference-direct
ive
    at Input.error (n
ode_modules/postcss/l
ib/input.js:135:16) [
C:\portfolio\portfoli
o-app\.next\build\chu
nks\node_modules_fe69
3df6._.js:4651:22]
    at Root.error (no
de_modules/postcss/li
b/node.js:146:32) [C:
\portfolio\portfolio-
app\.next\build\chunk
s\node_modules_fe693d
f6._.js:928:38]
    [at Object.Once (
C:\portfolio\portfoli
o-app\node_modules\@t
ailwindcss\postcss\di
st\index.js:10:6911)]
    [at process.proce
ssTicksAndRejections 
(node:internal/proces
s/task_queues:105:5)]
    at async 
LazyResult.runAsync (
node_modules/postcss/
lib/lazy-result.js:29
3:11) [C:\portfolio\p
ortfolio-app\.next\bu
ild\chunks\node_modul
es_fe693df6._.js:6206
:21]
    at async 
transform (turbopack:
///[turbopack-node]/t
ransforms/postcss.ts:
70:34) [C:\portfolio\
portfolio-app\.next\b
uild\chunks\[root-of-
the-server]__51225daf
._.js:146:36]
    at async run (tur
bopack:///[turbopack-
node]/ipc/evaluate.ts
:92:23) [C:\portfolio
\portfolio-app\.next\
build\chunks\[root-of
-the-server]__974941e
d._.js:443:31]

Import trace:
  Client Component 
Browser:
    
./app/globals.css 
[Client Component 
Browser]
    ./app/layout.tsx 
[Server Component]


    at async 
transform (turbopack:
///[turbopack-node]/t
ransforms/postcss.ts:
70:34) [C:\portfolio\
portfolio-app\.next\b
uild\chunks\[root-of-
the-server]__51225daf
._.js:146:36])
    at async run (tur
bopack:///[turbopack-
node]/ipc/evaluate.ts
:92:23) [C:\portfolio
\portfolio-app\.next\
build\chunks\[root-of
-the-server]__974941e
d._.js:443:31])
